******************************************************************************
                  TI ARM Linker Unix v18.1.1                   
******************************************************************************
>> Linked Fri Jun 15 11:16:23 2018

OUTPUT FILE NAME:   <MSP432 CapacitanceMeter.out>
ENTRY POINT SYMBOL: "_c_int00_noargs"  address: 00002b05


MEMORY CONFIGURATION

         name            origin    length      used     unused   attr    fill
----------------------  --------  ---------  --------  --------  ----  --------
  MAIN                  00000000   00040000  00003186  0003ce7a  R  X
  INFO                  00200000   00004000  00000000  00004000  R  X
  SRAM_CODE             01000000   00010000  000002b0  0000fd50  RW X
  SRAM_DATA             20000000   00010000  000002b0  0000fd50  RW  


SEGMENT ALLOCATION MAP

run origin  load origin   length   init length attrs members
----------  ----------- ---------- ----------- ----- -------
00000000    00000000    00003188   00003188    r-x
  00000000    00000000    000000e4   000000e4    r-- .intvecs
  000000e4    000000e4    00002e62   00002e62    r-x .text
  00002f48    00002f48    000001e8   000001e8    r-- .const
  00003130    00003130    00000058   00000058    r-- .cinit
20000000    20000000    000000b0   00000000    rw-
  20000000    20000000    00000078   00000000    rw- .bss
  20000078    20000078    00000038   00000000    rw- .data
2000fe00    2000fe00    00000200   00000000    rw-
  2000fe00    2000fe00    00000200   00000000    rw- .stack


SECTION ALLOCATION MAP

 output                                  attributes/
section   page    origin      length       input sections
--------  ----  ----------  ----------   ----------------
.intvecs   0    00000000    000000e4     
                  00000000    000000e4     startup_msp432p401r_ccs.obj (.intvecs:retain)

.text      0    000000e4    00002e62     
                  000000e4    00000a5e     rtsv7M4_T_le_v4SPD16_eabi.lib : _printfi.c.obj (.text:__TI_printfi)
                  00000b42    00000002                                   : div0.asm.obj (.text)
                  00000b44    00000334     system_msp432p401r.obj (.text)
                  00000e78    00000270     rtsv7M4_T_le_v4SPD16_eabi.lib : _printfi.c.obj (.text:_pconv_a)
                  000010e8    00000210     main.obj (.text)
                  000012f8    000001d0     rtsv7M4_T_le_v4SPD16_eabi.lib : _printfi.c.obj (.text:_pconv_g)
                  000014c8    000001b6                                   : fd_add_t2.asm.obj (.text)
                  0000167e    00000002     --HOLE-- [fill = 0]
                  00001680    00000154     msp432p4xx_driverlib.lib : adc14.o (.text:_getIndexForMemRegister)
                  000017d4    0000014c                              : cs.o (.text:CS_setDCOFrequency)
                  00001920    0000013c     rtsv7M4_T_le_v4SPD16_eabi.lib : _printfi.c.obj (.text:_pconv_e)
                  00001a5c    00000136                                   : fd_div_t2.asm.obj (.text)
                  00001b92    00000002     --HOLE-- [fill = 0]
                  00001b94    00000120                                   : _printfi.c.obj (.text:fcvt)
                  00001cb4    00000110                                   : s_scalbn.c.obj (.text:scalbn)
                  00001dc4    000000fc                                   : fd_mul_t2.asm.obj (.text)
                  00001ec0    000000e0     msp432p4xx_driverlib.lib : cs.o (.text:CS_initClockSignal)
                  00001fa0    000000dc                              : pcm.o (.text:__PCM_setPowerModeAdvanced)
                  0000207c    000000b1     rtsv7M4_T_le_v4SPD16_eabi.lib : _printfi.c.obj (.text:_ltostr)
                  0000212d    00000003     --HOLE-- [fill = 0]
                  00002130    000000b0     msp432p4xx_driverlib.lib : pcm.o (.text:__PCM_setCoreVoltageLevelAdvanced)
                  000021e0    0000009c     rtsv7M4_T_le_v4SPD16_eabi.lib : memcpy_t2.asm.obj (.text)
                  0000227c    00000096                                   : ull_div_t2.asm.obj (.text)
                  00002312    00000002     --HOLE-- [fill = 0]
                  00002314    00000094     msp432p4xx_driverlib.lib : uart.o (.text:UART_initModule)
                  000023a8    00000086     rtsv7M4_T_le_v4SPD16_eabi.lib : fd_cmp_t2.asm.obj (.text:__aeabi_cdcmple)
                  0000242e    00000086                                   : fd_cmp_t2.asm.obj (.text:__aeabi_cdrcmple)
                  000024b4    0000007a                                   : memset_t2.asm.obj (.text)
                  0000252e    0000006e                                   : _printfi.c.obj (.text:_mcpy)
                  0000259c    0000006c     msp432p4xx_driverlib.lib : adc14.o (.text:ADC14_configureConversionMemory)
                  00002608    00000068     rtsv7M4_T_le_v4SPD16_eabi.lib : copy_decompress_lzss.c.obj (.text:decompress:lzss:__TI_decompress_lzss)
                  00002670    00000064     msp432p4xx_driverlib.lib : interrupt.o (.text:Interrupt_enableInterrupt)
                  000026d4    00000064     rtsv7M4_T_le_v4SPD16_eabi.lib : s_frexp.c.obj (.text:frexp)
                  00002738    00000056                                   : _printfi.c.obj (.text:_pconv_f)
                  0000278e    00000002     --HOLE-- [fill = 0]
                  00002790    00000054     msp432p4xx_driverlib.lib : cs.o (.text:CS_tuneDCOFrequency)
                  000027e4    00000054     rtsv7M4_T_le_v4SPD16_eabi.lib : ltoa.c.obj (.text:ltoa)
                  00002838    00000052                                   : _printfi.c.obj (.text:_ecpy)
                  0000288a    00000002     --HOLE-- [fill = 0]
                  0000288c    00000050     msp432p4xx_driverlib.lib : sysctl.o (.text:SysCtl_getTLVInfo)
                  000028dc    0000004c     rtsv7M4_T_le_v4SPD16_eabi.lib : atoi.c.obj (.text:atoi)
                  00002928    0000004c                                   : snprintf.c.obj (.text:snprintf)
                  00002974    00000048     msp432p4xx_driverlib.lib : gpio.o (.text:GPIO_setAsPeripheralModuleFunctionInputPin)
                  000029bc    00000048     rtsv7M4_T_le_v4SPD16_eabi.lib : fd_toi_t2.asm.obj (.text)
                  00002a04    00000044     msp432p4xx_driverlib.lib : adc14.o (.text:ADC14_configureSingleSampleMode)
                  00002a48    00000044     rtsv7M4_T_le_v4SPD16_eabi.lib : autoinit.c.obj (.text:__TI_auto_init_nobinit_nopinit:__TI_auto_init_nobinit_nopinit)
                  00002a8c    0000003e                                   : _printfi.c.obj (.text:_fcpy)
                  00002aca    00000002     --HOLE-- [fill = 0]
                  00002acc    00000038     msp432p4xx_driverlib.lib : adc14.o (.text:ADC14_initModule)
                  00002b04    00000038     rtsv7M4_T_le_v4SPD16_eabi.lib : boot_cortex_m.c.obj (.text:_c_int00_noargs:_c_int00_noargs)
                  00002b3c    00000030                                   : snprintf.c.obj (.text:_outs)
                  00002b6c    0000002e                                   : i_tofd_t2.asm.obj (.text)
                  00002b9a    00000002     --HOLE-- [fill = 0]
                  00002b9c    0000002c     msp432p4xx_driverlib.lib : adc14.o (.text:ADC14_enableConversion)
                  00002bc8    0000002c                              : pcm.o (.text:PCM_getCoreVoltageLevel)
                  00002bf4    0000002a                              : pcm.o (.text:PCM_getPowerMode)
                  00002c1e    00000002     --HOLE-- [fill = 0]
                  00002c20    00000028                              : adc14.o (.text:ADC14_enableSampleTimer)
                  00002c48    00000028                              : flash.o (.text:FlashCtl_setWaitState)
                  00002c70    00000024                              : adc14.o (.text:ADC14_getEnabledInterruptStatus)
                  00002c94    00000024                              : cs.o (.text:CS_setDCOCenteredFrequency)
                  00002cb8    00000024                              : gpio.o (.text:GPIO_setAsOutputPin)
                  00002cdc    00000024                              : uart.o (.text:UART_receiveData)
                  00002d00    00000024                              : uart.o (.text:UART_transmitData)
                  00002d24    00000020                              : adc14.o (.text:ADC14_clearInterruptFlag)
                  00002d44    00000020                              : adc14.o (.text:ADC14_enableInterrupt)
                  00002d64    00000020                              : adc14.o (.text:ADC14_toggleConversionTrigger)
                  00002d84    00000020     rtsv7M4_T_le_v4SPD16_eabi.lib : u_tofd_t2.asm.obj (.text)
                  00002da4    0000001c     msp432p4xx_driverlib.lib : adc14.o (.text:ADC14_getInterruptStatus)
                  00002dc0    0000001c     rtsv7M4_T_le_v4SPD16_eabi.lib : memccpy.c.obj (.text:memccpy)
                  00002ddc    00000018     msp432p4xx_driverlib.lib : adc14.o (.text:ADC14_getResult)
                  00002df4    00000018                              : wdt_a.o (.text:WDT_A_holdTimer)
                  00002e0c    00000018     rtsv7M4_T_le_v4SPD16_eabi.lib : snprintf.c.obj (.text:_outc)
                  00002e24    00000016                                   : strchr.c.obj (.text:strchr)
                  00002e3a    00000002     --HOLE-- [fill = 0]
                  00002e3c    00000014     msp432p4xx_driverlib.lib : adc14.o (.text:ADCIsConversionRunning)
                  00002e50    00000014                              : fpu.o (.text:FPU_enableModule)
                  00002e64    00000014     rtsv7M4_T_le_v4SPD16_eabi.lib : s_copysign.c.obj (.text:copysign)
                  00002e78    00000014                                   : strlen.c.obj (.text:strlen)
                  00002e8c    00000012                                   : copy_zero_init.c.obj (.text:decompress:ZI:__TI_zero_init_nomemset:__TI_zero_init_nomemset)
                  00002e9e    00000012                                   : wcslen.c.obj (.text:wcslen)
                  00002eb0    00000010     msp432p4xx_driverlib.lib : adc14.o (.text:ADC14_enableModule)
                  00002ec0    00000010                              : interrupt.o (.text:Interrupt_enableMaster)
                  00002ed0    0000000e                              : uart.o (.text:UART_clearInterruptFlag)
                  00002ede    0000000e     rtsv7M4_T_le_v4SPD16_eabi.lib : copy_decompress_none.c.obj (.text:decompress:none:__TI_decompress_none)
                  00002eec    0000000e     startup_msp432p401r_ccs.obj (.text)
                  00002efa    0000000c     msp432p4xx_driverlib.lib : cpu.o (.text:CPU_cpsie)
                  00002f06    00000002     --HOLE-- [fill = 0]
                  00002f08    0000000c                              : pcm.o (.text:PCM_getPowerState)
                  00002f14    0000000c                              : uart.o (.text:UART_enableModule)
                  00002f20    00000008                              : pcm.o (.text:PCM_setCoreVoltageLevel)
                  00002f28    00000008                              : pcm.o (.text:PCM_setPowerMode)
                  00002f30    00000008     rtsv7M4_T_le_v4SPD16_eabi.lib : errno.c.obj (.text:__aeabi_errno_addr)
                  00002f38    00000006     msp432p4xx_driverlib.lib : uart.o (.text:UART_getInterruptStatus)
                  00002f3e    00000004     rtsv7M4_T_le_v4SPD16_eabi.lib : pre_init.c.obj (.text:_system_pre_init)
                  00002f42    00000004                                   : exit.c.obj (.text:abort:abort)

.const     0    00002f48    000001e8     
                  00002f48    00000101     rtsv7M4_T_le_v4SPD16_eabi.lib : ctype.c.obj (.const:.string:_ctypes_)
                  00003049    00000003     --HOLE-- [fill = 0]
                  0000304c    00000080     msp432p4xx_driverlib.lib : adc14.o (.const:_ctlRegs)
                  000030cc    00000040                              : interrupt.o (.const)
                  0000310c    00000024     main.obj (.const:$P$T0$1)

.cinit     0    00003130    00000058     
                  00003130    00000031     (.cinit..data.load) [load image, compression = lzss]
                  00003161    00000003     --HOLE-- [fill = 0]
                  00003164    0000000c     (__TI_handler_table)
                  00003170    00000008     (.cinit..bss.load) [load image, compression = zero_init]
                  00003178    00000010     (__TI_cinit_table)

.init_array 
*          0    00000000    00000000     UNINITIALIZED

.binit     0    00000000    00000000     

.bss       0    20000000    00000078     UNINITIALIZED
                  20000000    00000064     (.common:buff)
                  20000064    00000004     --HOLE--
                  20000068    00000008     (.common:curADCResult)
                  20000070    00000008     (.common:normalizedADCResult)

.data      0    20000078    00000038     UNINITIALIZED
                  20000078    00000030     msp432p4xx_driverlib.lib : gpio.o (.data:GPIO_PORT_TO_BASE)
                  200000a8    00000004     rtsv7M4_T_le_v4SPD16_eabi.lib : errno.c.obj (.data)
                  200000ac    00000004     system_msp432p401r.obj (.data)

.stack     0    2000fe00    00000200     UNINITIALIZED
                  2000fe00    00000004     rtsv7M4_T_le_v4SPD16_eabi.lib : boot_cortex_m.c.obj (.stack)
                  2000fe04    000001fc     --HOLE--

MODULE SUMMARY

       Module                        code    ro data   rw data
       ------                        ----    -------   -------
    ./
       system_msp432p401r.obj        820     0         8      
       main.obj                      528     36        232    
       startup_msp432p401r_ccs.obj   14      228       0      
    +--+-----------------------------+-------+---------+---------+
       Total:                        1362    264       240    
                                                              
    /home/ryhig/CCS/ccsv8/tools/compiler/ti-cgt-arm_18.1.1.LTS/lib/rtsv7M4_T_le_v4SPD16_eabi.lib
       _printfi.c.obj                4863    0         0      
       fd_add_t2.asm.obj             438     0         0      
       fd_div_t2.asm.obj             310     0         0      
       s_scalbn.c.obj                272     0         0      
       fd_cmp_t2.asm.obj             268     0         0      
       ctype.c.obj                   0       257       0      
       fd_mul_t2.asm.obj             252     0         0      
       memcpy_t2.asm.obj             156     0         0      
       ull_div_t2.asm.obj            150     0         0      
       snprintf.c.obj                148     0         0      
       memset_t2.asm.obj             122     0         0      
       copy_decompress_lzss.c.obj    104     0         0      
       s_frexp.c.obj                 100     0         0      
       ltoa.c.obj                    84      0         0      
       atoi.c.obj                    76      0         0      
       fd_toi_t2.asm.obj             72      0         0      
       autoinit.c.obj                68      0         0      
       boot_cortex_m.c.obj           56      0         0      
       i_tofd_t2.asm.obj             46      0         0      
       u_tofd_t2.asm.obj             32      0         0      
       memccpy.c.obj                 28      0         0      
       strchr.c.obj                  22      0         0      
       s_copysign.c.obj              20      0         0      
       strlen.c.obj                  20      0         0      
       copy_zero_init.c.obj          18      0         0      
       wcslen.c.obj                  18      0         0      
       errno.c.obj                   8       0         8      
       copy_decompress_none.c.obj    14      0         0      
       exit.c.obj                    4       0         0      
       pre_init.c.obj                4       0         0      
       div0.asm.obj                  2       0         0      
    +--+-----------------------------+-------+---------+---------+
       Total:                        7775    257       8      
                                                              
    /home/ryhig/CCS/msp432_driverlib_3_21_00_05/driverlib/MSP432P4xx/ccs/msp432p4xx_driverlib.lib
       adc14.o                       876     128       0      
       cs.o                          676     0         0      
       pcm.o                         510     0         0      
       uart.o                        252     0         0      
       gpio.o                        108     0         96     
       interrupt.o                   116     64        0      
       sysctl.o                      80      0         0      
       flash.o                       40      0         0      
       wdt_a.o                       24      0         0      
       fpu.o                         20      0         0      
       cpu.o                         12      0         0      
    +--+-----------------------------+-------+---------+---------+
       Total:                        2714    192       96     
                                                              
       Stack:                        0       0         1024   
       Linker Generated:             0       85        0      
    +--+-----------------------------+-------+---------+---------+
       Grand Total:                  11851   798       1368   


LINKER GENERATED COPY TABLES

__TI_cinit_table @ 00003178 records: 2, size/record: 8, table size: 16
	.data: load addr=00003130, load size=00000031 bytes, run addr=20000078, run size=00000038 bytes, compression=lzss
	.bss: load addr=00003170, load size=00000008 bytes, run addr=20000000, run size=00000078 bytes, compression=zero_init


LINKER GENERATED HANDLER TABLE

__TI_handler_table @ 00003164 records: 3, size/record: 4, table size: 12
	index: 0, handler: __TI_decompress_lzss
	index: 1, handler: __TI_decompress_none
	index: 2, handler: __TI_zero_init


GLOBAL SYMBOLS: SORTED ALPHABETICALLY BY Name 

address   name                                      
-------   ----                                      
00002ef9  ADC14_IRQHandler                          
00002d25  ADC14_clearInterruptFlag                  
0000259d  ADC14_configureConversionMemory           
00002a05  ADC14_configureSingleSampleMode           
00002b9d  ADC14_enableConversion                    
00002d45  ADC14_enableInterrupt                     
00002eb1  ADC14_enableModule                        
00002c21  ADC14_enableSampleTimer                   
00002c71  ADC14_getEnabledInterruptStatus           
00002da5  ADC14_getInterruptStatus                  
00002ddd  ADC14_getResult                           
00002acd  ADC14_initModule                          
00002d65  ADC14_toggleConversionTrigger             
00002ef9  AES256_IRQHandler                         
00002ef9  BusFault_Handler                          
00002f43  C$$EXIT                                   
00002ef9  COMP_E0_IRQHandler                        
00002ef9  COMP_E1_IRQHandler                        
00002efb  CPU_cpsie                                 
00002ef9  CS_IRQHandler                             
00001ec1  CS_initClockSignal                        
00002c95  CS_setDCOCenteredFrequency                
000017d5  CS_setDCOFrequency                        
00002791  CS_tuneDCOFrequency                       
00002ef9  DMA_ERR_IRQHandler                        
00002ef9  DMA_INT0_IRQHandler                       
00002ef9  DMA_INT1_IRQHandler                       
00002ef9  DMA_INT2_IRQHandler                       
00002ef9  DMA_INT3_IRQHandler                       
00002ef9  DebugMon_Handler                          
00002ef9  Default_Handler                           
00002ef9  EUSCIA0_IRQHandler                        
00002ef9  EUSCIA1_IRQHandler                        
00002ef9  EUSCIA2_IRQHandler                        
00002ef9  EUSCIA3_IRQHandler                        
00002ef9  EUSCIB0_IRQHandler                        
00002ef9  EUSCIB1_IRQHandler                        
00002ef9  EUSCIB2_IRQHandler                        
00002ef9  EUSCIB3_IRQHandler                        
00002ef9  FLCTL_IRQHandler                          
00002ef9  FPU_IRQHandler                            
00002e51  FPU_enableModule                          
00002c49  FlashCtl_setWaitState                     
00002cb9  GPIO_setAsOutputPin                       
00002975  GPIO_setAsPeripheralModuleFunctionInputPin
00002ef9  HardFault_Handler                         
00002671  Interrupt_enableInterrupt                 
00002ec1  Interrupt_enableMaster                    
00002ef9  MemManage_Handler                         
00002ef9  NMI_Handler                               
00002ef9  PCM_IRQHandler                            
00002bc9  PCM_getCoreVoltageLevel                   
00002bf5  PCM_getPowerMode                          
00002f09  PCM_getPowerState                         
00002f21  PCM_setCoreVoltageLevel                   
00002f29  PCM_setPowerMode                          
00002ef9  PORT1_IRQHandler                          
00002ef9  PORT2_IRQHandler                          
00002ef9  PORT3_IRQHandler                          
00002ef9  PORT4_IRQHandler                          
00002ef9  PORT5_IRQHandler                          
00002ef9  PORT6_IRQHandler                          
00002ef9  PSS_IRQHandler                            
00002ef9  PendSV_Handler                            
00002ef9  RTC_C_IRQHandler                          
00002eed  Reset_Handler                             
00002ef9  SVC_Handler                               
0000288d  SysCtl_getTLVInfo                         
00002ef9  SysTick_Handler                           
200000ac  SystemCoreClock                           
00000b45  SystemCoreClockUpdate                     
00000dbd  SystemInit                                
00002ef9  T32_INT1_IRQHandler                       
00002ef9  T32_INT2_IRQHandler                       
00002ef9  T32_INTC_IRQHandler                       
00002ef9  TA0_0_IRQHandler                          
00002ef9  TA0_N_IRQHandler                          
00002ef9  TA1_0_IRQHandler                          
00002ef9  TA1_N_IRQHandler                          
00002ef9  TA2_0_IRQHandler                          
00002ef9  TA2_N_IRQHandler                          
00002ef9  TA3_0_IRQHandler                          
00002ef9  TA3_N_IRQHandler                          
00002ed1  UART_clearInterruptFlag                   
00002f15  UART_enableModule                         
00002f39  UART_getInterruptStatus                   
00002315  UART_initModule                           
00002cdd  UART_receiveData                          
00002d01  UART_transmitData                         
00002ef9  UsageFault_Handler                        
4000480c  WDTCTL_SYM                                
00002ef9  WDT_A_IRQHandler                          
00002df5  WDT_A_holdTimer                           
20010000  __STACK_END                               
00000200  __STACK_SIZE                              
00003178  __TI_CINIT_Base                           
00003188  __TI_CINIT_Limit                          
00003164  __TI_Handler_Table_Base                   
00003170  __TI_Handler_Table_Limit                  
00002a49  __TI_auto_init_nobinit_nopinit            
00002609  __TI_decompress_lzss                      
00002edf  __TI_decompress_none                      
ffffffff  __TI_pprof_out_hndl                       
000000e5  __TI_printfi                              
ffffffff  __TI_prof_data_size                       
ffffffff  __TI_prof_data_start                      
00000000  __TI_static_base__                        
00002e8d  __TI_zero_init_nomemset                   
000023a9  __aeabi_cdcmpeq                           
000023a9  __aeabi_cdcmple                           
0000242f  __aeabi_cdrcmple                          
000029bd  __aeabi_d2iz                              
000014d3  __aeabi_dadd                              
00001a5d  __aeabi_ddiv                              
00001dc5  __aeabi_dmul                              
000014c9  __aeabi_dsub                              
00002f31  __aeabi_errno_addr                        
00002b6d  __aeabi_i2d                               
00000b43  __aeabi_idiv0                             
00000b43  __aeabi_ldiv0                             
000024b5  __aeabi_memclr                            
000024b5  __aeabi_memclr4                           
000024b5  __aeabi_memclr8                           
000021e1  __aeabi_memcpy                            
000021e1  __aeabi_memcpy4                           
000021e1  __aeabi_memcpy8                           
000024b7  __aeabi_memset                            
000024b7  __aeabi_memset4                           
000024b7  __aeabi_memset8                           
00002d85  __aeabi_ui2d                              
0000227d  __aeabi_uldivmod                          
ffffffff  __binit__                                 
ffffffff  __c_args__                                
UNDEFED   __mpu_init                                
2000fe00  __stack                                   
00002b05  _c_int00_noargs                           
00002f48  _ctypes_                                  
UNDEFED   _system_post_cinit                        
00002f3f  _system_pre_init                          
00002f43  abort                                     
00001205  adc_isr                                   
000028dd  atoi                                      
ffffffff  binit                                     
20000000  buff                                      
00002e65  copysign                                  
00002e65  copysignl                                 
20000068  curADCResult                              
200000a8  errno                                     
000026d5  frexp                                     
000026d5  frexpl                                    
00001181  init_ADC                                  
000011d1  init_UART                                 
00000000  interruptVectors                          
00001cb5  ldexp                                     
00001cb5  ldexpl                                    
000027e5  ltoa                                      
000010e9  main                                      
00002dc1  memccpy                                   
000021e1  memcpy                                    
000024bd  memset                                    
20000070  normalizedADCResult                       
00001cb5  scalbn                                    
00001cb5  scalbnl                                   
00001277  send_string                               
00002929  snprintf                                  
00002e25  strchr                                    
00002e79  strlen                                    
00002e9f  wcslen                                    


GLOBAL SYMBOLS: SORTED BY Symbol Address 

address   name                                      
-------   ----                                      
00000000  __TI_static_base__                        
00000000  interruptVectors                          
000000e5  __TI_printfi                              
00000200  __STACK_SIZE                              
00000b43  __aeabi_idiv0                             
00000b43  __aeabi_ldiv0                             
00000b45  SystemCoreClockUpdate                     
00000dbd  SystemInit                                
000010e9  main                                      
00001181  init_ADC                                  
000011d1  init_UART                                 
00001205  adc_isr                                   
00001277  send_string                               
000014c9  __aeabi_dsub                              
000014d3  __aeabi_dadd                              
000017d5  CS_setDCOFrequency                        
00001a5d  __aeabi_ddiv                              
00001cb5  ldexp                                     
00001cb5  ldexpl                                    
00001cb5  scalbn                                    
00001cb5  scalbnl                                   
00001dc5  __aeabi_dmul                              
00001ec1  CS_initClockSignal                        
000021e1  __aeabi_memcpy                            
000021e1  __aeabi_memcpy4                           
000021e1  __aeabi_memcpy8                           
000021e1  memcpy                                    
0000227d  __aeabi_uldivmod                          
00002315  UART_initModule                           
000023a9  __aeabi_cdcmpeq                           
000023a9  __aeabi_cdcmple                           
0000242f  __aeabi_cdrcmple                          
000024b5  __aeabi_memclr                            
000024b5  __aeabi_memclr4                           
000024b5  __aeabi_memclr8                           
000024b7  __aeabi_memset                            
000024b7  __aeabi_memset4                           
000024b7  __aeabi_memset8                           
000024bd  memset                                    
0000259d  ADC14_configureConversionMemory           
00002609  __TI_decompress_lzss                      
00002671  Interrupt_enableInterrupt                 
000026d5  frexp                                     
000026d5  frexpl                                    
00002791  CS_tuneDCOFrequency                       
000027e5  ltoa                                      
0000288d  SysCtl_getTLVInfo                         
000028dd  atoi                                      
00002929  snprintf                                  
00002975  GPIO_setAsPeripheralModuleFunctionInputPin
000029bd  __aeabi_d2iz                              
00002a05  ADC14_configureSingleSampleMode           
00002a49  __TI_auto_init_nobinit_nopinit            
00002acd  ADC14_initModule                          
00002b05  _c_int00_noargs                           
00002b6d  __aeabi_i2d                               
00002b9d  ADC14_enableConversion                    
00002bc9  PCM_getCoreVoltageLevel                   
00002bf5  PCM_getPowerMode                          
00002c21  ADC14_enableSampleTimer                   
00002c49  FlashCtl_setWaitState                     
00002c71  ADC14_getEnabledInterruptStatus           
00002c95  CS_setDCOCenteredFrequency                
00002cb9  GPIO_setAsOutputPin                       
00002cdd  UART_receiveData                          
00002d01  UART_transmitData                         
00002d25  ADC14_clearInterruptFlag                  
00002d45  ADC14_enableInterrupt                     
00002d65  ADC14_toggleConversionTrigger             
00002d85  __aeabi_ui2d                              
00002da5  ADC14_getInterruptStatus                  
00002dc1  memccpy                                   
00002ddd  ADC14_getResult                           
00002df5  WDT_A_holdTimer                           
00002e25  strchr                                    
00002e51  FPU_enableModule                          
00002e65  copysign                                  
00002e65  copysignl                                 
00002e79  strlen                                    
00002e8d  __TI_zero_init_nomemset                   
00002e9f  wcslen                                    
00002eb1  ADC14_enableModule                        
00002ec1  Interrupt_enableMaster                    
00002ed1  UART_clearInterruptFlag                   
00002edf  __TI_decompress_none                      
00002eed  Reset_Handler                             
00002ef9  ADC14_IRQHandler                          
00002ef9  AES256_IRQHandler                         
00002ef9  BusFault_Handler                          
00002ef9  COMP_E0_IRQHandler                        
00002ef9  COMP_E1_IRQHandler                        
00002ef9  CS_IRQHandler                             
00002ef9  DMA_ERR_IRQHandler                        
00002ef9  DMA_INT0_IRQHandler                       
00002ef9  DMA_INT1_IRQHandler                       
00002ef9  DMA_INT2_IRQHandler                       
00002ef9  DMA_INT3_IRQHandler                       
00002ef9  DebugMon_Handler                          
00002ef9  Default_Handler                           
00002ef9  EUSCIA0_IRQHandler                        
00002ef9  EUSCIA1_IRQHandler                        
00002ef9  EUSCIA2_IRQHandler                        
00002ef9  EUSCIA3_IRQHandler                        
00002ef9  EUSCIB0_IRQHandler                        
00002ef9  EUSCIB1_IRQHandler                        
00002ef9  EUSCIB2_IRQHandler                        
00002ef9  EUSCIB3_IRQHandler                        
00002ef9  FLCTL_IRQHandler                          
00002ef9  FPU_IRQHandler                            
00002ef9  HardFault_Handler                         
00002ef9  MemManage_Handler                         
00002ef9  NMI_Handler                               
00002ef9  PCM_IRQHandler                            
00002ef9  PORT1_IRQHandler                          
00002ef9  PORT2_IRQHandler                          
00002ef9  PORT3_IRQHandler                          
00002ef9  PORT4_IRQHandler                          
00002ef9  PORT5_IRQHandler                          
00002ef9  PORT6_IRQHandler                          
00002ef9  PSS_IRQHandler                            
00002ef9  PendSV_Handler                            
00002ef9  RTC_C_IRQHandler                          
00002ef9  SVC_Handler                               
00002ef9  SysTick_Handler                           
00002ef9  T32_INT1_IRQHandler                       
00002ef9  T32_INT2_IRQHandler                       
00002ef9  T32_INTC_IRQHandler                       
00002ef9  TA0_0_IRQHandler                          
00002ef9  TA0_N_IRQHandler                          
00002ef9  TA1_0_IRQHandler                          
00002ef9  TA1_N_IRQHandler                          
00002ef9  TA2_0_IRQHandler                          
00002ef9  TA2_N_IRQHandler                          
00002ef9  TA3_0_IRQHandler                          
00002ef9  TA3_N_IRQHandler                          
00002ef9  UsageFault_Handler                        
00002ef9  WDT_A_IRQHandler                          
00002efb  CPU_cpsie                                 
00002f09  PCM_getPowerState                         
00002f15  UART_enableModule                         
00002f21  PCM_setCoreVoltageLevel                   
00002f29  PCM_setPowerMode                          
00002f31  __aeabi_errno_addr                        
00002f39  UART_getInterruptStatus                   
00002f3f  _system_pre_init                          
00002f43  C$$EXIT                                   
00002f43  abort                                     
00002f48  _ctypes_                                  
00003164  __TI_Handler_Table_Base                   
00003170  __TI_Handler_Table_Limit                  
00003178  __TI_CINIT_Base                           
00003188  __TI_CINIT_Limit                          
20000000  buff                                      
20000068  curADCResult                              
20000070  normalizedADCResult                       
200000a8  errno                                     
200000ac  SystemCoreClock                           
2000fe00  __stack                                   
20010000  __STACK_END                               
4000480c  WDTCTL_SYM                                
ffffffff  __TI_pprof_out_hndl                       
ffffffff  __TI_prof_data_size                       
ffffffff  __TI_prof_data_start                      
ffffffff  __binit__                                 
ffffffff  __c_args__                                
ffffffff  binit                                     
UNDEFED   __mpu_init                                
UNDEFED   _system_post_cinit                        

[168 symbols]
